"","ERR188088.fraglen.theta","ERR188088.fraglen.lambda","ERR188088.fraglen.vlmm.theta","ERR188088.fraglen.vlmm.lambda","ERR188088.GC.theta","ERR188088.GC.lambda","ERR188088.count"
"ENST00000477403",25562.3456496279,0.0182996127785826,27028.4296196626,0.0149677630888632,463.170231859927,1,496
"ENST00000468844",128.272111594683,0.0189798074509922,76.2291717861418,0.0302942179992755,2.4414134695298,1,496
"ENST00000361575",11636.9593828536,0.0186713241032755,24077.5402490097,0.0116426312598372,221.764249548993,1,496
